A test suite for 0-add_integer.py

>>> add_integer = __import__('0-add_integer').add_integer

>>> add_integer(1, 3)
4

>>> add_integer(-1, -2)
-3

>>> add_integer(4, -8)
-4

>>> add_integer(1.5, 1.5)
2

>>> add_integer(1)
99

>>> add_integer("x", 5)
Traceback (most recent call last):
    ...
TypeError: a must be an integer

>>> add_integer(5, "x")
Traceback (most recent call last):
    ...
TypeError: b must be an integer

>>> add_integer(1, 2, 3)
Traceback (most recent call last):
    ...
TypeError: add_integer() takes from 1 to 2 positional arguments but 3 were given

>>> add_integer(0, float(NaN))
Traceback (most recent call last):
    ...
ValueError: cannot convert float NaN to integer

>>> add_integer(1, float('inf'))
Traceback (most recent call last):
...
OverflowError: cannot convert float infinity to integer
